Network OS Admin
++++++++++++++++
Aims: install linux OS, use user command
Document 
- http://mirrors.bangmod.cloud/ubuntu-release/18.04.1/ubuntu-18.04.1-live-server-amd64.iso
- http://www.ee.surrey.ac.uk/Teaching/Unix/
- https://learncodethehardway.org/unix/bash_cheat_sheet.pdf
- http://cb.vu/unixtoolbox.pdf
- https://tinyurl.com/pre-test-network-os

1. Install Linux
- download and install virtualbox/hyper-v 
    - create VM for Ubuntu 64 bit,
        if cannot create the image, you need to configgure bio to enable Virtualization Mode
    - create VM: 1024GB RAM, 16 GB Disk as dynamic growth, 
    a NIC card with NAT and a NIC card with Host only
- download and install ubuntu 
    - this lab selects ubuntu-18.04.1-live-server-amd64.iso
    - install ubuntu 
    - set username/password to demo/demo
    - set name and other information with your infomation
    - finally reboot and login with username/password
Notes, for any PC cannot install 64bit, select ubunu 16.04 or install ubuntu 18.04 via network installer 

2. User/Admin Linux Command   
- login via console
- check ip address
    $ ifconfig
        --> 192.168.56.101
        --> 192.168.56.xxx
    $ ip a 

In case cannot see ip address, you fix ip address
$ sudo ifconfig enp0s8 192.168.56.101 netmask 255.255.255.0
$ ifconfig -a 
$ ping 192.168.56.1
[PASS]

- start putty.exe and select ssh or assign IP address 192.168.56.101 port 22
 
Activity 2.1 
------------
+ Login as demo (password is demo)
+ Find the present Directory
For first time --> home directory
command: pwd  --> print working directory

$ pwd 
/home/demo

+ Write the / (root) directory structure
command: ls [option] [parameters]

$ ls /
bin   home            lib64       opt   sbin      sys  vmlinuz
boot  initrd.img      lost+found  proc  snap      tmp  vmlinuz.old
dev   initrd.img.old  media       root  srv       usr
etc   lib             mnt         run   swap.img  var

+ Write a few commands available in /bin and /sbin directory
$ ls /bin
bash                false       nc.openbsd     ss
btrfs               fgconsole   netcat         static-sh
...

$ ls /sbin
acpi_available        iptables               pam_tally
agetty                iptables-restore       pam_tally2
...

+ Find the demo directory
command: find [start] -name demo
$ find / -name demo 

where is passwd
$ find / -name passwd 

input/output in Unix
    stdin -> standard input (default: keyboard)
    stdout -> standard output (default: screen)
    stderr -> standard error (default: screen)

redirect input/output with   >, >>, <
$ find / -name passwd 
$ find / -name passwd 2> find.err 
$ cat find.err
$ find / -name passwd 2> find.err > find.txt

+ Write the permissions of demo directory
$ ls /home
$ ls -l /home
drwxr-xr-x 4 demo demo 4096 Aug 25 05:18 demo
    - drwxr-xr-x
        d : directory, - : regular
        rwx : permission of owner -> cj
            r - read
            w - write=edit/delete
            x - execute (run)/ move into 
        r-x : permission of group -> lecturer
        r-x : permission of other

    r-xr--r--
    r-------- 

    - 4 : #link files
    - demo : username of owner  
    - demo : group of owner
    - 4096 : file size 
    - Aug 25 05:18  : access time
    - demo  : file name

+ Create a new Directory test in demo directory
command: mkdir [dir_name] [dir_name] [dir_name] ....
$ mkdir test
$ ls -l 
-rw-rw-r-- 1 demo demo 32121 Aug 25 05:18 find.err
-rw-rw-r-- 1 demo demo   442 Aug 25 05:18 find.txt
drwxrwxr-x 2 demo demo  4096 Aug 25 05:33 test

$ mkdir dir1 dir2 dir3 

+ Write the permissions of test directory
$ ls -l  


+ Copy the file "/etc/resolv.conf" in test directory
command:  cp [org] [target]
$ cp /etc/resolv.conf .
$ ls -l

. and .. directory 
 . : current directory
.. : parent directoy 

$ ls .
$ ls ..

$ cp /etc/resolv.conf ./dir1
$ cd /

+ copy /etc/passwd to dir2 (in your home directory)
$ cp /etc/password /home/demo/dir2 

+ Rename the test directory to testing
command: mv [org_file] [new_file]
$ mv test testing
$ ls -l

+ Delete the testing directory
command: rmdir [target]
$ rmdir testing

+ Change  directory to dir1 
$ cd 
$ cd dir1

+ remove file in directory
command: rm [file]
$ cd dir1


+ Change the permissions of guest directory to 775
$ mkdir guest 
$ ls -l
drwxrwxr-x 2 cjundang cjundang 4096 Oct  3 12:38 guest
rwx  owner - read/write/run
rwx  group - read/write/run
r-x  other - read/run
        rwx rwx r-x         previous
        111 111 101
        7   7   5

        rwx r-x ---         new 
        111 101 000
        7   5   0
$ chmod 750 guest
$ ls -l
drwxr-x--- 2 cjundang cjundang 4096 Oct  3 12:38 guest

+ Change the permissions of /tmp directory to 700
$ chmod 700 /tmp


+ change to root permission user
$ id
uid=1000(cjundang) gid=1004(cjundang) groups=1004(cjundang),4(adm),24(cdrom),27(sudo),30(dip),46(plugdev),108(lxd),1000(lpadmin),1001(sambashare),1002(debian-tor),1003(libvirtd)
$ sudo -s
[sudo] password for cjundang: 
# id
uid=0(root) gid=0(root) groups=0(root)

# chown root guest
# exit
exit
$ ls -l
drwxr-x--- 2 root     cjundang 4096 Oct  3 12:38 guest

$ chown cjundang guest



+ Change the permissions of guest directory to 700
$


+ The location of kernel files in Unix File System is /boot and by looking at the kernel file, write the kernel version you are using in your system.
$


+ Login as demo
$


+ Change directory to /
$


+ List the contents of /home directory
$


+ Find the group to which demo belongs
$


+ Create a file sidbi in the home area of demo (hint: use touch command)
$


+ Find the permissions of the file sidbi
$


+ Find the inode number of file sidbi (hint: ls –li)
$


+ Copy the file sidbi to sidbi1
$


+ Find the inode number of file sidbi1 (hint: ls –li)
$


+ Move the file sidbi to sidbi2
$


+ Find the inode number of file sidbi2 (hint: ls –li)
$


+ Move sidbi2 to sidbi
$


+ Login as root
$


+ Create a new user guest1 with same group as guest  
$


+ Create a new user guest2 with a different group than the group of guest  
$


+ Find, what permissions should the file sidbi have, so that both guest1 and guest2 can write into this file.
$



Activity 2.2
------------
+ Login as demo (password is demo)
+ Change your shell to sh
$


+ Write a shell script and shell1.sh (using nano editor) to create a directory test in your area and copy the contents of /etc in test directory.
$


+ Move the contents of test directory in test1 directory
$


+ Copy the test1 directory in /tmp
$


+ Write, the date of Creation/Modification, ownership, group and permissions of test1 directory
$


+ Tar and gzip the contents of test1.
$


+ Move the test1.tgz into your area and Untar it 
$


+ Write the names of all the files in test1 directory and its subdirectories which have as in their name into a file asname 
$


+ Delete the test1 directory using rm command and see if you find it in Trash
$


+ Use find command and locate command to find the location of  passwd command 
$


+ Find out the number of commands in /bin
$


+ Create a command to create new users (Use useradd command. See the man page of useradd for command options). Use chmod to give it appropriate permission so that only guest user can run this command
$


+ Compute the MD5 Checksum of kernel fileusing tar 
$


+ Check the date and time of the system. Advance the date by one day and time by 1 hour.
$


+ Find out the disk usage of /etc directory.
$


+ Find the hostname and domain name of the system.
$


+ Find the CPU and Memory utilization of the system.
$


+ Find the PID of the Process which is consuming maximum CPU
$


+ Shutdown the system with warning to users.
$


+ Find out the disk usage (du) of / directory and compare it with the usage of / partition (df)
$


$


+ traceroute to www.google.com and try to find out how many routers are there between your machine and google server
$


+ Shutdown your machine and then poweroff (after starting it again) your machine. Do you see a difference between the two
$




3. Shell Script following this link http://linuxcommand.org/lc3_writing_shell_scripts.php

